#-----------------------------------------------------------
# Webtalk v2017.1 (64-bit)
# SW Build 1846317 on Fri Apr 14 18:55:03 MDT 2017
# IP Build 1846188 on Fri Apr 14 20:52:08 MDT 2017
# Start of session at: Sat Aug 19 16:52:10 2017
# Process ID: 10024
# Current directory: C:/Users/CQU-LS/Desktop/func_test/memory_game/soc_lite/vivado_xpr/memory_game/project_1/project_1.sim/sim_1/behav
# Command line: wbtcv.exe -mode batch -source C:/Users/CQU-LS/Desktop/func_test/memory_game/soc_lite/vivado_xpr/memory_game/project_1/project_1.sim/sim_1/behav/xsim.dir/soc_lite_top_behav/webtalk/xsim_webtalk.tcl -notrace
# Log file: C:/Users/CQU-LS/Desktop/func_test/memory_game/soc_lite/vivado_xpr/memory_game/project_1/project_1.sim/sim_1/behav/webtalk.log
# Journal file: C:/Users/CQU-LS/Desktop/func_test/memory_game/soc_lite/vivado_xpr/memory_game/project_1/project_1.sim/sim_1/behav\webtalk.jou
#-----------------------------------------------------------
source C:/Users/CQU-LS/Desktop/func_test/memory_game/soc_lite/vivado_xpr/memory_game/project_1/project_1.sim/sim_1/behav/xsim.dir/soc_lite_top_behav/webtalk/xsim_webtalk.tcl -notrace
